2025-06-26 11:28:57,126 - INFO - 启动浏览器：chrome
2025-06-26 11:29:01,767 - INFO - 初始化 BaseTest 成功
2025-06-26 11:29:04,210 - INFO - 使用 1011254211@qq.com 登录
2025-06-26 11:29:06,706 - INFO - 关闭浏览器
2025-06-26 11:29:48,432 - INFO - 启动浏览器：chrome
2025-06-26 11:29:50,632 - INFO - 初始化 BaseTest 成功
2025-06-26 11:29:52,980 - INFO - 使用 1011254211@qq.com 登录
2025-06-26 11:29:58,513 - INFO - 关闭浏览器
2025-06-26 12:40:29,823 - INFO - 启动浏览器：chrome
2025-06-26 12:40:34,065 - INFO - 初始化 BaseTest 成功
2025-06-26 12:40:36,789 - INFO - 使用 1011254211@qq.com 登录
2025-06-26 12:40:42,317 - INFO - 关闭浏览器
2025-06-27 13:02:32,116 - INFO - 启动浏览器：chrome
2025-06-27 13:02:36,035 - INFO - 初始化 BaseTest 成功
2025-06-27 13:02:38,665 - INFO - 使用 1011254211@qq.com 登录
2025-06-27 13:02:44,315 - INFO - 关闭浏览器
2025-06-28 11:21:45,341 - INFO - 启动浏览器：chrome
2025-06-28 11:21:49,194 - INFO - 初始化 BaseTest 成功
2025-06-28 11:21:51,405 - INFO - 使用 1011254211@qq.com 登录
2025-06-28 11:21:56,943 - INFO - 关闭浏览器
2025-06-28 13:41:03,269 - INFO - 启动浏览器：chrome
2025-06-28 13:41:07,349 - INFO - 初始化 BaseTest 成功
2025-06-28 13:41:09,275 - INFO - 使用 standard_user 登录
2025-06-28 13:41:20,020 - INFO - 关闭浏览器
2025-06-28 13:49:05,665 - INFO - 启动浏览器：chrome
2025-06-28 13:49:09,071 - INFO - 初始化 BaseTest 成功
2025-06-28 13:49:12,273 - INFO - 使用 standard_user 登录
2025-06-28 13:49:30,751 - INFO - 关闭浏览器
2025-06-28 13:50:06,433 - INFO - 启动浏览器：chrome
2025-06-28 13:50:09,554 - INFO - 初始化 BaseTest 成功
2025-06-28 13:50:11,441 - INFO - 使用 standard_user 登录
2025-06-28 13:50:27,868 - INFO - 关闭浏览器
2025-06-28 13:51:00,649 - INFO - 启动浏览器：chrome
2025-06-28 13:51:03,729 - INFO - 初始化 BaseTest 成功
2025-06-28 13:51:05,201 - INFO - 使用 standard_user 登录
2025-06-28 13:51:12,760 - INFO - 关闭浏览器
2025-06-28 14:29:44,886 - INFO - 初始化 BaseTest 成功
2025-06-28 14:30:34,301 - INFO - 初始化 BaseTest 成功
2025-06-28 14:30:47,979 - INFO - 初始化 BaseTest 成功
2025-06-28 14:31:27,202 - INFO - 初始化 BaseTest 成功
2025-06-28 14:40:34,714 - INFO - 初始化 BaseTest 成功
2025-06-28 14:54:01,267 - INFO - 初始化 BaseTest 成功
2025-06-28 14:54:18,749 - INFO - 初始化 BaseTest 成功
2025-06-28 14:54:33,679 - INFO - 初始化 BaseTest 成功
2025-06-28 14:54:47,618 - INFO - 初始化 BaseTest 成功
2025-06-28 14:55:00,671 - INFO - 初始化 BaseTest 成功
2025-06-28 15:30:02,694 - INFO - 初始化 BaseTest 成功
2025-06-28 15:30:42,986 - INFO - 初始化 BaseTest 成功
2025-06-28 15:30:58,558 - INFO - 初始化 BaseTest 成功
2025-06-28 15:31:19,726 - INFO - 初始化 BaseTest 成功
2025-06-28 15:31:40,324 - INFO - 初始化 BaseTest 成功
2025-06-28 15:31:57,306 - INFO - 初始化 BaseTest 成功
2025-06-28 15:32:24,810 - INFO - 初始化 BaseTest 成功
2025-06-28 15:49:19,252 - INFO - 初始化 BaseTest 成功
2025-06-28 15:49:33,750 - INFO - 初始化 BaseTest 成功
2025-06-28 15:49:47,518 - INFO - 初始化 BaseTest 成功
2025-06-28 16:04:04,810 - INFO - 初始化 BaseTest 成功
2025-06-28 16:04:22,848 - INFO - 初始化 BaseTest 成功
2025-06-28 16:04:34,686 - INFO - 初始化 BaseTest 成功
2025-06-28 16:04:46,961 - INFO - 初始化 BaseTest 成功
2025-06-28 16:05:04,265 - INFO - 初始化 BaseTest 成功
2025-06-28 16:05:17,397 - INFO - 初始化 BaseTest 成功
2025-06-28 16:05:34,024 - INFO - 初始化 BaseTest 成功
2025-06-28 16:05:57,131 - INFO - 初始化 BaseTest 成功
2025-06-28 16:06:11,937 - INFO - 初始化 BaseTest 成功
2025-06-28 16:06:27,831 - INFO - 初始化 BaseTest 成功
2025-06-28 16:06:48,023 - INFO - 初始化 BaseTest 成功
2025-06-28 16:07:03,969 - INFO - 初始化 BaseTest 成功
2025-06-28 16:16:45,439 - INFO - 初始化 BaseTest 成功
2025-06-28 16:16:59,232 - INFO - 初始化 BaseTest 成功
2025-06-28 16:17:12,961 - INFO - 初始化 BaseTest 成功
2025-06-28 16:17:27,688 - INFO - 初始化 BaseTest 成功
2025-06-28 16:17:52,852 - INFO - 初始化 BaseTest 成功
2025-06-28 16:18:11,643 - INFO - 初始化 BaseTest 成功
2025-06-28 16:18:31,563 - INFO - 初始化 BaseTest 成功
2025-06-28 16:19:03,701 - INFO - 初始化 BaseTest 成功
2025-06-28 16:19:19,583 - INFO - 初始化 BaseTest 成功
2025-06-28 16:19:43,375 - INFO - 初始化 BaseTest 成功
2025-06-28 16:20:06,398 - INFO - 初始化 BaseTest 成功
2025-06-28 16:20:22,492 - INFO - 初始化 BaseTest 成功
